[Worker 1] 
[Worker 1] ================================================================================
[Worker 1] [1/53] https://www.auchan.pt/pt/alimentacao/congelados
[Worker 1] ================================================================================
[Worker 1] >>> Starting scrape for URL='https://www.auchan.pt/pt/alimentacao/congelados' (page_path='alimentacao/congelados', cgid='congelados')
[Worker 1] <<< Finished 'sub_category:alimentacao/congelados': 1111 products in 2m 57s
[Worker 1] 
[Worker 1] ================================================================================
[Worker 1] [2/53] https://www.auchan.pt/pt/alimentacao/future-taste
[Worker 1] ================================================================================
[Worker 1] >>> Starting scrape for URL='https://www.auchan.pt/pt/alimentacao/future-taste' (page_path='alimentacao/future-taste', cgid='future-taste')
[Worker 1] <<< Finished 'sub_category:alimentacao/future-taste': 67 products in 18.9 seconds
[Worker 1] 
[Worker 1] ================================================================================
[Worker 1] [3/53] https://www.auchan.pt/pt/alimentacao/mercearia
[Worker 1] ================================================================================
[Worker 1] >>> Starting scrape for URL='https://www.auchan.pt/pt/alimentacao/mercearia' (page_path='alimentacao/mercearia', cgid='mercearia')
[Worker 1] 
[Worker 1] ================================================================================
[Worker 1] [1/80] https://www.auchan.pt/pt/alimentacao/congelados
[Worker 1] ================================================================================
[Worker 1] >>> Starting scrape for URL='https://www.auchan.pt/pt/alimentacao/congelados' (page_path='alimentacao/congelados', cgid='congelados')
[Worker 1] 
[Worker 1] ================================================================================
[Worker 1] [1/40] https://www.auchan.pt/pt/alimentacao/congelados
[Worker 1] ================================================================================
[Worker 1] >>> Starting scrape for URL='https://www.auchan.pt/pt/alimentacao/congelados' (page_path='alimentacao/congelados', cgid='congelados')
[Worker 1] <<< Finished 'sub_category:alimentacao/congelados': 1111 products in 1m 28s
[Worker 1] 
[Worker 1] ================================================================================
[Worker 1] [2/40] https://www.auchan.pt/pt/alimentacao/future-taste
[Worker 1] ================================================================================
[Worker 1] >>> Starting scrape for URL='https://www.auchan.pt/pt/alimentacao/future-taste' (page_path='alimentacao/future-taste', cgid='future-taste')
[Worker 1] <<< Finished 'sub_category:alimentacao/future-taste': 67 products in 12.5 seconds
[Worker 1] 
[Worker 1] ================================================================================
[Worker 1] [3/40] https://www.auchan.pt/pt/alimentacao/mercearia
[Worker 1] ================================================================================
[Worker 1] >>> Starting scrape for URL='https://www.auchan.pt/pt/alimentacao/mercearia' (page_path='alimentacao/mercearia', cgid='mercearia')
