[Worker 4] 
[Worker 4] ================================================================================
[Worker 4] [1/39] https://www.auchan.pt/pt/produtos-frescos/padaria
[Worker 4] ================================================================================
[Worker 4] >>> Starting scrape for URL='https://www.auchan.pt/pt/produtos-frescos/padaria' (page_path='produtos-frescos/padaria', cgid='padaria')
[Worker 4] <<< Finished 'sub_category:produtos-frescos/padaria': 239 products in 49.9 seconds
[Worker 4] 
[Worker 4] ================================================================================
[Worker 4] [2/39] https://www.auchan.pt/pt/produtos-frescos/pastelaria
[Worker 4] ================================================================================
[Worker 4] >>> Starting scrape for URL='https://www.auchan.pt/pt/produtos-frescos/pastelaria' (page_path='produtos-frescos/pastelaria', cgid='pastelaria')
[Worker 4] <<< Finished 'sub_category:produtos-frescos/pastelaria': 369 products in 1m 17s
[Worker 4] 
[Worker 4] ================================================================================
[Worker 4] [3/39] https://www.auchan.pt/pt/produtos-frescos/peixaria
[Worker 4] ================================================================================
[Worker 4] >>> Starting scrape for URL='https://www.auchan.pt/pt/produtos-frescos/peixaria' (page_path='produtos-frescos/peixaria', cgid='peixaria')
[Worker 4] <<< Finished 'sub_category:produtos-frescos/peixaria': 458 products in 1m 26s
[Worker 4] 
[Worker 4] ================================================================================
[Worker 4] [4/39] https://www.auchan.pt/pt/produtos-frescos/queijaria
[Worker 4] ================================================================================
[Worker 4] >>> Starting scrape for URL='https://www.auchan.pt/pt/produtos-frescos/queijaria' (page_path='produtos-frescos/queijaria', cgid='queijaria')
[Worker 4] [ERROR] Failed scraping 'https://www.auchan.pt/pt/produtos-frescos/queijaria': ('Connection aborted.', RemoteDisconnected('Remote end closed connection without response'))
[Worker 4] 
[Worker 4] ================================================================================
[Worker 4] [5/39] https://www.auchan.pt/pt/produtos-frescos/talho
[Worker 4] ================================================================================
[Worker 4] >>> Starting scrape for URL='https://www.auchan.pt/pt/produtos-frescos/talho' (page_path='produtos-frescos/talho', cgid='talho')
[Worker 4] [ERROR] Failed scraping 'https://www.auchan.pt/pt/produtos-frescos/talho': HTTPConnectionPool(host='localhost', port=51509): Max retries exceeded with url: /session/a8cbbab34a06c74453e3b9e7fba1abf3/url (Caused by NewConnectionError('<urllib3.connection.HTTPConnection object at 0x7fd9ca8a4b90>: Failed to establish a new connection: [Errno 111] Connection refused'))
[Worker 4] 
[Worker 4] ================================================================================
[Worker 4] [6/39] https://www.auchan.pt/pt/produtos-locais/produtos-locais-beleza-e-higiene
[Worker 4] ================================================================================
[Worker 4] >>> Starting scrape for URL='https://www.auchan.pt/pt/produtos-locais/produtos-locais-beleza-e-higiene' (page_path='produtos-locais/produtos-locais-beleza-e-higiene', cgid='produtos-locais-beleza-e-higiene')
[Worker 4] [ERROR] Failed scraping 'https://www.auchan.pt/pt/produtos-locais/produtos-locais-beleza-e-higiene': HTTPConnectionPool(host='localhost', port=51509): Max retries exceeded with url: /session/a8cbbab34a06c74453e3b9e7fba1abf3/url (Caused by NewConnectionError('<urllib3.connection.HTTPConnection object at 0x7fd9d065cc50>: Failed to establish a new connection: [Errno 111] Connection refused'))
[Worker 4] 
[Worker 4] ================================================================================
[Worker 4] [7/39] https://www.auchan.pt/pt/produtos-locais/produtos-locais-biologicos
[Worker 4] ================================================================================
[Worker 4] >>> Starting scrape for URL='https://www.auchan.pt/pt/produtos-locais/produtos-locais-biologicos' (page_path='produtos-locais/produtos-locais-biologicos', cgid='produtos-locais-biologicos')
[Worker 4] [ERROR] Failed scraping 'https://www.auchan.pt/pt/produtos-locais/produtos-locais-biologicos': HTTPConnectionPool(host='localhost', port=51509): Max retries exceeded with url: /session/a8cbbab34a06c74453e3b9e7fba1abf3/url (Caused by NewConnectionError('<urllib3.connection.HTTPConnection object at 0x7fd9d3235220>: Failed to establish a new connection: [Errno 111] Connection refused'))
[Worker 4] 
[Worker 4] ================================================================================
[Worker 4] [8/39] https://www.auchan.pt/pt/produtos-locais/produtos-locais-cervejas
[Worker 4] ================================================================================
[Worker 4] >>> Starting scrape for URL='https://www.auchan.pt/pt/produtos-locais/produtos-locais-cervejas' (page_path='produtos-locais/produtos-locais-cervejas', cgid='produtos-locais-cervejas')
[Worker 4] [ERROR] Failed scraping 'https://www.auchan.pt/pt/produtos-locais/produtos-locais-cervejas': HTTPConnectionPool(host='localhost', port=51509): Max retries exceeded with url: /session/a8cbbab34a06c74453e3b9e7fba1abf3/url (Caused by NewConnectionError('<urllib3.connection.HTTPConnection object at 0x7fd9d3235a90>: Failed to establish a new connection: [Errno 111] Connection refused'))
[Worker 4] 
[Worker 4] ================================================================================
[Worker 4] [9/39] https://www.auchan.pt/pt/produtos-locais/produtos-locais-congelados
[Worker 4] ================================================================================
[Worker 4] >>> Starting scrape for URL='https://www.auchan.pt/pt/produtos-locais/produtos-locais-congelados' (page_path='produtos-locais/produtos-locais-congelados', cgid='produtos-locais-congelados')
[Worker 4] [ERROR] Failed scraping 'https://www.auchan.pt/pt/produtos-locais/produtos-locais-congelados': HTTPConnectionPool(host='localhost', port=51509): Max retries exceeded with url: /session/a8cbbab34a06c74453e3b9e7fba1abf3/url (Caused by NewConnectionError('<urllib3.connection.HTTPConnection object at 0x7fd9ca8a6d50>: Failed to establish a new connection: [Errno 111] Connection refused'))
[Worker 4] 
[Worker 4] ================================================================================
[Worker 4] [10/39] https://www.auchan.pt/pt/produtos-locais/produtos-locais-frescos
[Worker 4] ================================================================================
[Worker 4] >>> Starting scrape for URL='https://www.auchan.pt/pt/produtos-locais/produtos-locais-frescos' (page_path='produtos-locais/produtos-locais-frescos', cgid='produtos-locais-frescos')
[Worker 4] [ERROR] Failed scraping 'https://www.auchan.pt/pt/produtos-locais/produtos-locais-frescos': HTTPConnectionPool(host='localhost', port=51509): Max retries exceeded with url: /session/a8cbbab34a06c74453e3b9e7fba1abf3/url (Caused by NewConnectionError('<urllib3.connection.HTTPConnection object at 0x7fd9cab85d90>: Failed to establish a new connection: [Errno 111] Connection refused'))
[Worker 4] 
[Worker 4] ================================================================================
[Worker 4] [11/39] https://www.auchan.pt/pt/produtos-locais/produtos-locais-garrafeira
[Worker 4] ================================================================================
[Worker 4] >>> Starting scrape for URL='https://www.auchan.pt/pt/produtos-locais/produtos-locais-garrafeira' (page_path='produtos-locais/produtos-locais-garrafeira', cgid='produtos-locais-garrafeira')
